2026-03-11 05:00:10 INFO            _                _                      
2026-03-11 05:00:10 INFO           / \   ___ ___ ___| | ___ _ __ __ _ _   _ 
2026-03-11 05:00:10 INFO          / _ \ / __/ __/ _ \ |/ _ \ '__/ _` | | | |
2026-03-11 05:00:10 INFO         / ___ \ (_| (_|  __/ |  __/ | | (_| | |_| |
2026-03-11 05:00:10 INFO        /_/   \_\___\___\___|_|\___|_|  \__, |\__, |
2026-03-11 05:00:10 INFO                                        |___/ |___/ 
2026-03-11 05:00:10 INFO        generating outputs according to the following specified output flags... 
2026-03-11 05:00:10 INFO         Please use the -f flag to update the preference (default to all output files)
2026-03-11 05:00:10 INFO        {'ERT': 1, 'ERT_summary': 1, 'ART': 1, 'ART_summary': 1, 'energy_estimation': 1, 'flattened_arch': 1}
2026-03-11 05:00:10 INFO        Accelergy creating default config at:
2026-03-11 05:00:10 INFO        /root/.config/accelergy/accelergy_config.yaml
2026-03-11 05:00:10 INFO        with:
2026-03-11 05:00:10 INFO        {'version': '0.4', 'estimator_plug_ins': ['/usr/local/share/accelergy/estimation_plug_ins'], 'primitive_components': ['/usr/local/share/accelergy/primitive_component_libs'], 'compound_components': [], 'math_functions': [], 'python_plug_ins': [], 'table_plug_ins': {'roots': ['/usr/local/share/accelergy/table_plug_ins']}}
2026-03-11 05:00:10 INFO        Parsing file /home/repo/compare/timeloop/out_os/parsed-processed-input.yaml for architecture info
2026-03-11 05:00:10 INFO        Parsing file /home/repo/compare/timeloop/out_os/parsed-processed-input.yaml for compound_components info
2026-03-11 05:00:10 WARNING     No compound component classes specified, architecture can only contain primitive components
2026-03-11 05:00:10 INFO        Adding required action "leak" to class SRAM
2026-03-11 05:00:10 INFO        Adding required action "read" to class SRAM
2026-03-11 05:00:10 INFO        Adding required action "update" to class SRAM
2026-03-11 05:00:10 INFO        Adding required action "write" to class SRAM
2026-03-11 05:00:10 INFO        Adding required action "leak" to class regfile
2026-03-11 05:00:10 INFO        Adding required action "read" to class regfile
2026-03-11 05:00:10 INFO        Adding required action "update" to class regfile
2026-03-11 05:00:10 INFO        Adding required action "write" to class regfile
2026-03-11 05:00:10 INFO        Adding required action "compute" to class intmac
2026-03-11 05:00:10 INFO        Estimator plug-in identified by: /usr/local/share/accelergy/estimation_plug_ins/accelergy-cacti-plug-in/cacti.estimator.yaml
2026-03-11 05:00:10 INFO        Estimator plug-in identified by: /usr/local/share/accelergy/estimation_plug_ins/accelergy-aladdin-plug-in/aladdin.estimator.yaml
2026-03-11 05:00:10 INFO        Estimator plug-in identified by: /usr/local/share/accelergy/estimation_plug_ins/accelergy-table-based-plug-ins/table.estimator.yaml
2026-03-11 05:00:10 INFO        Estimator plug-in identified by: /usr/local/share/accelergy/estimation_plug_ins/dummy_tables/dummy.estimator.yaml
2026-03-11 05:00:10 INFO        Estimator plug-in identified by: /usr/local/share/accelergy/estimation_plug_ins/accelergy-library-plugin/library.estimator.yaml
2026-03-11 05:00:10 INFO        Estimator plug-in identified by: /usr/local/share/accelergy/estimation_plug_ins/accelergy-adc-plug-in/adc.estimator.yaml
2026-03-11 05:00:10 INFO        Estimator plug-in identified by: /usr/local/share/accelergy/estimation_plug_ins/accelergy-neurosim-plugin/neurosim.estimator.yaml
2026-03-11 05:00:10 INFO        Loading Python plug-in: /usr/local/share/accelergy/estimation_plug_ins/accelergy-cacti-plug-in/cacti_wrapper.py. Errors below are likely due to plug-in, not Accelergy.
2026-03-11 05:00:10 INFO        Getting all estimators in module <module 'python_plug_in0' from '/usr/local/share/accelergy/estimation_plug_ins/accelergy-cacti-plug-in/cacti_wrapper.py'>
2026-03-11 05:00:10 INFO        Added estimator CactiCache that estimates cache with actions idle, read, read_access, update, update_access, write, write_access, leak
2026-03-11 05:00:10 INFO        Added estimator CactiDRAM that estimates ['DRAM', 'dram'] with actions idle, read, update, write, leak
2026-03-11 05:00:10 INFO        Added estimator CactiSRAM that estimates ['SRAM', 'sram'] with actions idle, read, update, write, leak
2026-03-11 05:00:10 INFO        Done loading Python plug-ins.
2026-03-11 05:00:10 INFO        Found estimator plug-in: Aladdin_table (<AladdinTable.AladdinTable object at 0x7f109399ed40>)
2026-03-11 05:00:10 INFO        Found estimator plug-in: DEPRECATED table-based-plug-ins. Use the Library plug-in instead. (<SetsOfTables.SetsOfTables object at 0x7f10944a5540>)
2026-03-11 05:00:10 INFO        Found estimator plug-in: dummy (<DummyTable.DummyTable object at 0x7f10944a5360>)
2026-03-11 05:00:10 INFO        Found estimator plug-in: Library (<LibraryEstimator.LibraryEstimator object at 0x7f1093a1fd00>)
2026-03-11 05:00:10 INFO        Found estimator plug-in: ADC Plug-In (<ADCEstimator.ADCEstimator object at 0x7f1093a1f370>)
2026-03-11 05:00:10 INFO        Found estimator plug-in: Neurosim Plug-In (<NeuroWrapper.NeuroWrapper object at 0x7f1093a1ffa0>)
2026-03-11 05:00:10 INFO        Found estimator plug-in: CactiCache (<accelergy.plug_in_interface.estimator_wrapper.EstimatorWrapper object at 0x7f10938e6ce0>)
2026-03-11 05:00:10 INFO        Found estimator plug-in: CactiDRAM (<accelergy.plug_in_interface.estimator_wrapper.EstimatorWrapper object at 0x7f10938e6d40>)
2026-03-11 05:00:10 INFO        Found estimator plug-in: CactiSRAM (<accelergy.plug_in_interface.estimator_wrapper.EstimatorWrapper object at 0x7f10938e7130>)
2026-03-11 05:00:10 INFO        
2026-03-11 05:00:10 INFO        ENERGY ESTIMATION for SRAM(depth=65536, width=64, datawidth=8, has_power_gating=False, n_banks=2, cluster_size=1, reduction_supported=True, multiple_buffering=1, min_utilization=0, allow_overbooking=False, meshX=1, meshY=1, technology=40nm, global_cycle_seconds=1e-09, version=0.4, action_latency_cycles=1, cycle_seconds=1e-09, n_instances=1).leak(global_cycle_seconds=1e-09, action_latency_cycles=1)
2026-03-11 05:00:14 INFO        CactiSRAM estimated 1.5788692307692306e-14 with accuracy 80%. Messages:
2026-03-11 05:00:14 INFO        | Unused arguments (datawidth, has_power_gating, cluster_size, reduction_supported, multiple_buffering, min_utilization, allow_overbooking, meshX, meshY, global_cycle_seconds, version, action_latency_cycles, cycle_seconds, n_instances) provided for ['SRAM', 'sram'].__init__. Arguments used: (depth, width, n_banks, technology)
2026-03-11 05:00:14 INFO        | Unused arguments (action_latency_cycles) provided for ['SRAM', 'sram'].leak. Arguments used: (global_cycle_seconds)
2026-03-11 05:00:14 INFO        | Interpolating technology between 32 and 45.
2026-03-11 05:00:14 INFO        | Calling CACTI with cache_size=524288 n_rw_ports=1 block_size=8 tech_node_um=0.032 n_banks=2 tag_size=0 associativity=1
2026-03-11 05:00:14 INFO        | Calling CACTI with input path /usr/local/share/accelergy/estimation_plug_ins/accelergy-cacti-plug-in/cacti_inputs_outputs/tmpom9jo9ju
2026-03-11 05:00:14 INFO        | CACTI output will be written to /usr/local/share/accelergy/estimation_plug_ins/accelergy-cacti-plug-in/cacti_inputs_outputs/tmp8egtyxeo
2026-03-11 05:00:14 INFO        | CACTI executable not found at /usr/local/share/accelergy/estimation_plug_ins/accelergy-cacti-plug-in/cacti/cacti
2026-03-11 05:00:14 INFO        | Calling: cd /usr/local/share/accelergy/estimation_plug_ins/accelergy-cacti-plug-in ; ./cacti -infile /usr/local/share/accelergy/estimation_plug_ins/accelergy-cacti-plug-in/cacti_inputs_outputs/tmpom9jo9ju >> /usr/local/share/accelergy/estimation_plug_ins/accelergy-cacti-plug-in/cacti_inputs_outputs/tmp8egtyxeo 2>&1
2026-03-11 05:00:14 INFO        | Calling CACTI with cache_size=524288 n_rw_ports=1 block_size=8 tech_node_um=0.045 n_banks=2 tag_size=0 associativity=1
2026-03-11 05:00:14 INFO        | Calling CACTI with input path /usr/local/share/accelergy/estimation_plug_ins/accelergy-cacti-plug-in/cacti_inputs_outputs/tmp566l59jq
2026-03-11 05:00:14 INFO        | CACTI output will be written to /usr/local/share/accelergy/estimation_plug_ins/accelergy-cacti-plug-in/cacti_inputs_outputs/tmpkuv13uz_
2026-03-11 05:00:14 INFO        | CACTI executable not found at /usr/local/share/accelergy/estimation_plug_ins/accelergy-cacti-plug-in/cacti/cacti
2026-03-11 05:00:14 INFO        | Calling: cd /usr/local/share/accelergy/estimation_plug_ins/accelergy-cacti-plug-in ; ./cacti -infile /usr/local/share/accelergy/estimation_plug_ins/accelergy-cacti-plug-in/cacti_inputs_outputs/tmp566l59jq >> /usr/local/share/accelergy/estimation_plug_ins/accelergy-cacti-plug-in/cacti_inputs_outputs/tmpkuv13uz_ 2>&1
2026-03-11 05:00:14 INFO        | Cache bandwidth: 16.0 bytes/cycle
2026-03-11 05:00:14 INFO        | Cache bandwidth: 43286518512.660645 bits/second
2026-03-11 05:00:14 INFO        | Global cycle time 1e-09 is less than the cache's random cycle time 2.95704076923077e-09
2026-03-11 05:00:14 INFO        | Multiplying by n_instances 1
2026-03-11 05:00:14 INFO        
2026-03-11 05:00:14 INFO        ENERGY ESTIMATION for SRAM(depth=65536, width=64, datawidth=8, has_power_gating=False, n_banks=2, cluster_size=1, reduction_supported=True, multiple_buffering=1, min_utilization=0, allow_overbooking=False, meshX=1, meshY=1, technology=40nm, global_cycle_seconds=1e-09, version=0.4, action_latency_cycles=1, cycle_seconds=1e-09, n_instances=1).read(global_cycle_seconds=1e-09, action_latency_cycles=1)
2026-03-11 05:00:17 INFO        CactiSRAM estimated 5.582696153846154e-11 with accuracy 80%. Messages:
2026-03-11 05:00:17 INFO        | Unused arguments (datawidth, has_power_gating, cluster_size, reduction_supported, multiple_buffering, min_utilization, allow_overbooking, meshX, meshY, global_cycle_seconds, version, action_latency_cycles, cycle_seconds, n_instances) provided for ['SRAM', 'sram'].__init__. Arguments used: (depth, width, n_banks, technology)
2026-03-11 05:00:17 INFO        | Unused arguments (global_cycle_seconds, action_latency_cycles) provided for ['SRAM', 'sram'].read. Arguments used: ()
2026-03-11 05:00:17 INFO        | Interpolating technology between 32 and 45.
2026-03-11 05:00:17 INFO        | Calling CACTI with cache_size=524288 n_rw_ports=1 block_size=8 tech_node_um=0.032 n_banks=2 tag_size=0 associativity=1
2026-03-11 05:00:17 INFO        | Calling CACTI with input path /usr/local/share/accelergy/estimation_plug_ins/accelergy-cacti-plug-in/cacti_inputs_outputs/tmpssldxxgp
2026-03-11 05:00:17 INFO        | CACTI output will be written to /usr/local/share/accelergy/estimation_plug_ins/accelergy-cacti-plug-in/cacti_inputs_outputs/tmphvy16mug
2026-03-11 05:00:17 INFO        | CACTI executable not found at /usr/local/share/accelergy/estimation_plug_ins/accelergy-cacti-plug-in/cacti/cacti
2026-03-11 05:00:17 INFO        | Calling: cd /usr/local/share/accelergy/estimation_plug_ins/accelergy-cacti-plug-in ; ./cacti -infile /usr/local/share/accelergy/estimation_plug_ins/accelergy-cacti-plug-in/cacti_inputs_outputs/tmpssldxxgp >> /usr/local/share/accelergy/estimation_plug_ins/accelergy-cacti-plug-in/cacti_inputs_outputs/tmphvy16mug 2>&1
2026-03-11 05:00:17 INFO        | Calling CACTI with cache_size=524288 n_rw_ports=1 block_size=8 tech_node_um=0.045 n_banks=2 tag_size=0 associativity=1
2026-03-11 05:00:17 INFO        | Calling CACTI with input path /usr/local/share/accelergy/estimation_plug_ins/accelergy-cacti-plug-in/cacti_inputs_outputs/tmp51352t1q
2026-03-11 05:00:17 INFO        | CACTI output will be written to /usr/local/share/accelergy/estimation_plug_ins/accelergy-cacti-plug-in/cacti_inputs_outputs/tmplceuh4_t
2026-03-11 05:00:17 INFO        | CACTI executable not found at /usr/local/share/accelergy/estimation_plug_ins/accelergy-cacti-plug-in/cacti/cacti
2026-03-11 05:00:17 INFO        | Calling: cd /usr/local/share/accelergy/estimation_plug_ins/accelergy-cacti-plug-in ; ./cacti -infile /usr/local/share/accelergy/estimation_plug_ins/accelergy-cacti-plug-in/cacti_inputs_outputs/tmp51352t1q >> /usr/local/share/accelergy/estimation_plug_ins/accelergy-cacti-plug-in/cacti_inputs_outputs/tmplceuh4_t 2>&1
2026-03-11 05:00:17 INFO        | Cache bandwidth: 16.0 bytes/cycle
2026-03-11 05:00:17 INFO        | Cache bandwidth: 43286518512.660645 bits/second
2026-03-11 05:00:17 INFO        
2026-03-11 05:00:17 INFO        ENERGY ESTIMATION for SRAM(depth=65536, width=64, datawidth=8, has_power_gating=False, n_banks=2, cluster_size=1, reduction_supported=True, multiple_buffering=1, min_utilization=0, allow_overbooking=False, meshX=1, meshY=1, technology=40nm, global_cycle_seconds=1e-09, version=0.4, action_latency_cycles=1, cycle_seconds=1e-09, n_instances=1).update(global_cycle_seconds=1e-09, action_latency_cycles=1)
2026-03-11 05:00:21 INFO        CactiSRAM estimated 4.127481538461539e-11 with accuracy 80%. Messages:
2026-03-11 05:00:21 INFO        | Unused arguments (datawidth, has_power_gating, cluster_size, reduction_supported, multiple_buffering, min_utilization, allow_overbooking, meshX, meshY, global_cycle_seconds, version, action_latency_cycles, cycle_seconds, n_instances) provided for ['SRAM', 'sram'].__init__. Arguments used: (depth, width, n_banks, technology)
2026-03-11 05:00:21 INFO        | Unused arguments (global_cycle_seconds, action_latency_cycles) provided for ['SRAM', 'sram'].update. Arguments used: ()
2026-03-11 05:00:21 INFO        | Interpolating technology between 32 and 45.
2026-03-11 05:00:21 INFO        | Calling CACTI with cache_size=524288 n_rw_ports=1 block_size=8 tech_node_um=0.032 n_banks=2 tag_size=0 associativity=1
2026-03-11 05:00:21 INFO        | Calling CACTI with input path /usr/local/share/accelergy/estimation_plug_ins/accelergy-cacti-plug-in/cacti_inputs_outputs/tmpk_egzyhw
2026-03-11 05:00:21 INFO        | CACTI output will be written to /usr/local/share/accelergy/estimation_plug_ins/accelergy-cacti-plug-in/cacti_inputs_outputs/tmptpsn9x6h
2026-03-11 05:00:21 INFO        | CACTI executable not found at /usr/local/share/accelergy/estimation_plug_ins/accelergy-cacti-plug-in/cacti/cacti
2026-03-11 05:00:21 INFO        | Calling: cd /usr/local/share/accelergy/estimation_plug_ins/accelergy-cacti-plug-in ; ./cacti -infile /usr/local/share/accelergy/estimation_plug_ins/accelergy-cacti-plug-in/cacti_inputs_outputs/tmpk_egzyhw >> /usr/local/share/accelergy/estimation_plug_ins/accelergy-cacti-plug-in/cacti_inputs_outputs/tmptpsn9x6h 2>&1
2026-03-11 05:00:21 INFO        | Calling CACTI with cache_size=524288 n_rw_ports=1 block_size=8 tech_node_um=0.045 n_banks=2 tag_size=0 associativity=1
2026-03-11 05:00:21 INFO        | Calling CACTI with input path /usr/local/share/accelergy/estimation_plug_ins/accelergy-cacti-plug-in/cacti_inputs_outputs/tmp9ef0lfpe
2026-03-11 05:00:21 INFO        | CACTI output will be written to /usr/local/share/accelergy/estimation_plug_ins/accelergy-cacti-plug-in/cacti_inputs_outputs/tmputyy0q0o
2026-03-11 05:00:21 INFO        | CACTI executable not found at /usr/local/share/accelergy/estimation_plug_ins/accelergy-cacti-plug-in/cacti/cacti
2026-03-11 05:00:21 INFO        | Calling: cd /usr/local/share/accelergy/estimation_plug_ins/accelergy-cacti-plug-in ; ./cacti -infile /usr/local/share/accelergy/estimation_plug_ins/accelergy-cacti-plug-in/cacti_inputs_outputs/tmp9ef0lfpe >> /usr/local/share/accelergy/estimation_plug_ins/accelergy-cacti-plug-in/cacti_inputs_outputs/tmputyy0q0o 2>&1
2026-03-11 05:00:21 INFO        | Cache bandwidth: 16.0 bytes/cycle
2026-03-11 05:00:21 INFO        | Cache bandwidth: 43286518512.660645 bits/second
2026-03-11 05:00:21 INFO        
2026-03-11 05:00:21 INFO        ENERGY ESTIMATION for SRAM(depth=65536, width=64, datawidth=8, has_power_gating=False, n_banks=2, cluster_size=1, reduction_supported=True, multiple_buffering=1, min_utilization=0, allow_overbooking=False, meshX=1, meshY=1, technology=40nm, global_cycle_seconds=1e-09, version=0.4, action_latency_cycles=1, cycle_seconds=1e-09, n_instances=1).write(global_cycle_seconds=1e-09, action_latency_cycles=1)
2026-03-11 05:00:25 INFO        CactiSRAM estimated 4.127481538461539e-11 with accuracy 80%. Messages:
2026-03-11 05:00:25 INFO        | Unused arguments (datawidth, has_power_gating, cluster_size, reduction_supported, multiple_buffering, min_utilization, allow_overbooking, meshX, meshY, global_cycle_seconds, version, action_latency_cycles, cycle_seconds, n_instances) provided for ['SRAM', 'sram'].__init__. Arguments used: (depth, width, n_banks, technology)
2026-03-11 05:00:25 INFO        | Unused arguments (global_cycle_seconds, action_latency_cycles) provided for ['SRAM', 'sram'].write. Arguments used: ()
2026-03-11 05:00:25 INFO        | Interpolating technology between 32 and 45.
2026-03-11 05:00:25 INFO        | Calling CACTI with cache_size=524288 n_rw_ports=1 block_size=8 tech_node_um=0.032 n_banks=2 tag_size=0 associativity=1
2026-03-11 05:00:25 INFO        | Calling CACTI with input path /usr/local/share/accelergy/estimation_plug_ins/accelergy-cacti-plug-in/cacti_inputs_outputs/tmpcdtx9nlz
2026-03-11 05:00:25 INFO        | CACTI output will be written to /usr/local/share/accelergy/estimation_plug_ins/accelergy-cacti-plug-in/cacti_inputs_outputs/tmptjff0cyv
2026-03-11 05:00:25 INFO        | CACTI executable not found at /usr/local/share/accelergy/estimation_plug_ins/accelergy-cacti-plug-in/cacti/cacti
2026-03-11 05:00:25 INFO        | Calling: cd /usr/local/share/accelergy/estimation_plug_ins/accelergy-cacti-plug-in ; ./cacti -infile /usr/local/share/accelergy/estimation_plug_ins/accelergy-cacti-plug-in/cacti_inputs_outputs/tmpcdtx9nlz >> /usr/local/share/accelergy/estimation_plug_ins/accelergy-cacti-plug-in/cacti_inputs_outputs/tmptjff0cyv 2>&1
2026-03-11 05:00:25 INFO        | Calling CACTI with cache_size=524288 n_rw_ports=1 block_size=8 tech_node_um=0.045 n_banks=2 tag_size=0 associativity=1
2026-03-11 05:00:25 INFO        | Calling CACTI with input path /usr/local/share/accelergy/estimation_plug_ins/accelergy-cacti-plug-in/cacti_inputs_outputs/tmp8pipmxau
2026-03-11 05:00:25 INFO        | CACTI output will be written to /usr/local/share/accelergy/estimation_plug_ins/accelergy-cacti-plug-in/cacti_inputs_outputs/tmps9wz81fv
2026-03-11 05:00:25 INFO        | CACTI executable not found at /usr/local/share/accelergy/estimation_plug_ins/accelergy-cacti-plug-in/cacti/cacti
2026-03-11 05:00:25 INFO        | Calling: cd /usr/local/share/accelergy/estimation_plug_ins/accelergy-cacti-plug-in ; ./cacti -infile /usr/local/share/accelergy/estimation_plug_ins/accelergy-cacti-plug-in/cacti_inputs_outputs/tmp8pipmxau >> /usr/local/share/accelergy/estimation_plug_ins/accelergy-cacti-plug-in/cacti_inputs_outputs/tmps9wz81fv 2>&1
2026-03-11 05:00:25 INFO        | Cache bandwidth: 16.0 bytes/cycle
2026-03-11 05:00:25 INFO        | Cache bandwidth: 43286518512.660645 bits/second
2026-03-11 05:00:25 INFO        
2026-03-11 05:00:25 INFO        ENERGY ESTIMATION for regfile(depth=64, width=8, datawidth=8, has_power_gating=False, n_banks=2, cluster_size=1, reduction_supported=True, multiple_buffering=1, min_utilization=0, allow_overbooking=False, meshX=1, meshY=1, technology=40nm, global_cycle_seconds=1e-09, version=0.4, action_latency_cycles=1, cycle_seconds=1e-09, n_instances=1).leak(global_cycle_seconds=1e-09, action_latency_cycles=1)
2026-03-11 05:00:25 INFO        Aladdin_table estimated 0.0003712p with accuracy 70%. Messages:
2026-03-11 05:00:25 INFO        | Multiplying by n_instances 1
2026-03-11 05:00:25 INFO        
2026-03-11 05:00:25 INFO        ENERGY ESTIMATION for regfile(depth=64, width=8, datawidth=8, has_power_gating=False, n_banks=2, cluster_size=1, reduction_supported=True, multiple_buffering=1, min_utilization=0, allow_overbooking=False, meshX=1, meshY=1, technology=40nm, global_cycle_seconds=1e-09, version=0.4, action_latency_cycles=1, cycle_seconds=1e-09, n_instances=1).read(global_cycle_seconds=1e-09, action_latency_cycles=1)
2026-03-11 05:00:25 INFO        Aladdin_table estimated 0.36264p with accuracy 70%. 
2026-03-11 05:00:25 INFO        
2026-03-11 05:00:25 INFO        ENERGY ESTIMATION for regfile(depth=64, width=8, datawidth=8, has_power_gating=False, n_banks=2, cluster_size=1, reduction_supported=True, multiple_buffering=1, min_utilization=0, allow_overbooking=False, meshX=1, meshY=1, technology=40nm, global_cycle_seconds=1e-09, version=0.4, action_latency_cycles=1, cycle_seconds=1e-09, n_instances=1).update(global_cycle_seconds=1e-09, action_latency_cycles=1)
2026-03-11 05:00:25 INFO        Aladdin_table estimated 0.36264p with accuracy 70%. 
2026-03-11 05:00:25 INFO        
2026-03-11 05:00:25 INFO        ENERGY ESTIMATION for regfile(depth=64, width=8, datawidth=8, has_power_gating=False, n_banks=2, cluster_size=1, reduction_supported=True, multiple_buffering=1, min_utilization=0, allow_overbooking=False, meshX=1, meshY=1, technology=40nm, global_cycle_seconds=1e-09, version=0.4, action_latency_cycles=1, cycle_seconds=1e-09, n_instances=1).write(global_cycle_seconds=1e-09, action_latency_cycles=1)
2026-03-11 05:00:25 INFO        Aladdin_table estimated 0.36264p with accuracy 70%. 
2026-03-11 05:00:25 INFO        
2026-03-11 05:00:25 INFO        ENERGY ESTIMATION for intmac(width=8, has_power_gating=False, meshX=1, meshY=1, technology=40nm, global_cycle_seconds=1e-09, version=0.4, action_latency_cycles=1, cycle_seconds=1e-09, n_instances=1).compute(global_cycle_seconds=1e-09, action_latency_cycles=1)
2026-03-11 05:00:25 INFO        Aladdin_table estimated 0.845p with accuracy 70%. 
2026-03-11 05:00:25 WARNING     No action counts are specified as yaml input
2026-03-11 05:00:25 INFO        
2026-03-11 05:00:25 INFO        AREA ESTIMATION for SRAM(depth=65536, width=64, datawidth=8, has_power_gating=False, n_banks=2, cluster_size=1, reduction_supported=True, multiple_buffering=1, min_utilization=0, allow_overbooking=False, meshX=1, meshY=1, technology=40nm, global_cycle_seconds=1e-09, version=0.4, action_latency_cycles=1, cycle_seconds=1e-09, n_instances=1)
2026-03-11 05:00:28 INFO        CactiSRAM estimated 1.3555676923076922e-06 with accuracy 80%. Messages:
2026-03-11 05:00:28 INFO        | Unused arguments (datawidth, has_power_gating, cluster_size, reduction_supported, multiple_buffering, min_utilization, allow_overbooking, meshX, meshY, global_cycle_seconds, version, action_latency_cycles, cycle_seconds, n_instances) provided for ['SRAM', 'sram'].__init__. Arguments used: (depth, width, n_banks, technology)
2026-03-11 05:00:28 INFO        | Interpolating technology between 32 and 45.
2026-03-11 05:00:28 INFO        | Calling CACTI with cache_size=524288 n_rw_ports=1 block_size=8 tech_node_um=0.032 n_banks=2 tag_size=0 associativity=1
2026-03-11 05:00:28 INFO        | Calling CACTI with input path /usr/local/share/accelergy/estimation_plug_ins/accelergy-cacti-plug-in/cacti_inputs_outputs/tmpr0kqo4zz
2026-03-11 05:00:28 INFO        | CACTI output will be written to /usr/local/share/accelergy/estimation_plug_ins/accelergy-cacti-plug-in/cacti_inputs_outputs/tmpmc8rhbng
2026-03-11 05:00:28 INFO        | CACTI executable not found at /usr/local/share/accelergy/estimation_plug_ins/accelergy-cacti-plug-in/cacti/cacti
2026-03-11 05:00:28 INFO        | Calling: cd /usr/local/share/accelergy/estimation_plug_ins/accelergy-cacti-plug-in ; ./cacti -infile /usr/local/share/accelergy/estimation_plug_ins/accelergy-cacti-plug-in/cacti_inputs_outputs/tmpr0kqo4zz >> /usr/local/share/accelergy/estimation_plug_ins/accelergy-cacti-plug-in/cacti_inputs_outputs/tmpmc8rhbng 2>&1
2026-03-11 05:00:28 INFO        | Calling CACTI with cache_size=524288 n_rw_ports=1 block_size=8 tech_node_um=0.045 n_banks=2 tag_size=0 associativity=1
2026-03-11 05:00:28 INFO        | Calling CACTI with input path /usr/local/share/accelergy/estimation_plug_ins/accelergy-cacti-plug-in/cacti_inputs_outputs/tmprkn0oykl
2026-03-11 05:00:28 INFO        | CACTI output will be written to /usr/local/share/accelergy/estimation_plug_ins/accelergy-cacti-plug-in/cacti_inputs_outputs/tmp2lystc3s
2026-03-11 05:00:28 INFO        | CACTI executable not found at /usr/local/share/accelergy/estimation_plug_ins/accelergy-cacti-plug-in/cacti/cacti
2026-03-11 05:00:28 INFO        | Calling: cd /usr/local/share/accelergy/estimation_plug_ins/accelergy-cacti-plug-in ; ./cacti -infile /usr/local/share/accelergy/estimation_plug_ins/accelergy-cacti-plug-in/cacti_inputs_outputs/tmprkn0oykl >> /usr/local/share/accelergy/estimation_plug_ins/accelergy-cacti-plug-in/cacti_inputs_outputs/tmp2lystc3s 2>&1
2026-03-11 05:00:28 INFO        | Cache bandwidth: 16.0 bytes/cycle
2026-03-11 05:00:28 INFO        | Cache bandwidth: 43286518512.660645 bits/second
2026-03-11 05:00:28 INFO        | Multiplying by n_instances 1
2026-03-11 05:00:28 INFO        
2026-03-11 05:00:28 INFO        AREA ESTIMATION for regfile(depth=64, width=8, datawidth=8, has_power_gating=False, n_banks=2, cluster_size=1, reduction_supported=True, multiple_buffering=1, min_utilization=0, allow_overbooking=False, meshX=1, meshY=1, technology=40nm, global_cycle_seconds=1e-09, version=0.4, action_latency_cycles=1, cycle_seconds=1e-09, n_instances=1)
2026-03-11 05:00:28 INFO        Aladdin_table estimated 845.98u^2 with accuracy 70%. Messages:
2026-03-11 05:00:28 INFO        | Multiplying by n_instances 1
2026-03-11 05:00:28 INFO        
2026-03-11 05:00:28 INFO        AREA ESTIMATION for intmac(width=8, has_power_gating=False, meshX=1, meshY=1, technology=40nm, global_cycle_seconds=1e-09, version=0.4, action_latency_cycles=1, cycle_seconds=1e-09, n_instances=1)
2026-03-11 05:00:28 INFO        Aladdin_table estimated 466.375u^2 with accuracy 70%. Messages:
2026-03-11 05:00:28 INFO        | Multiplying by n_instances 1
2026-03-11 05:00:28 INFO        flattened architecture is saved to:
2026-03-11 05:00:28 INFO        ./timeloop-model.flattened_architecture.yaml
2026-03-11 05:00:28 INFO        energy reference table is saved to:
2026-03-11 05:00:28 INFO        ./timeloop-model.ERT.yaml
2026-03-11 05:00:28 INFO        energy reference table summary is saved to:
2026-03-11 05:00:28 INFO        ./timeloop-model.ERT_summary.yaml
2026-03-11 05:00:28 WARNING     no runtime energy estimations are generated... not generating energy_estimation.yaml
2026-03-11 05:00:28 INFO        area reference table is saved to:
2026-03-11 05:00:28 INFO        ./timeloop-model.ART.yaml
2026-03-11 05:00:28 INFO        area reference table summary is saved to:
2026-03-11 05:00:28 INFO        ./timeloop-model.ART_summary.yaml
