2026-03-11 05:00:29 INFO            _                _                      
2026-03-11 05:00:29 INFO           / \   ___ ___ ___| | ___ _ __ __ _ _   _ 
2026-03-11 05:00:29 INFO          / _ \ / __/ __/ _ \ |/ _ \ '__/ _` | | | |
2026-03-11 05:00:29 INFO         / ___ \ (_| (_|  __/ |  __/ | | (_| | |_| |
2026-03-11 05:00:29 INFO        /_/   \_\___\___\___|_|\___|_|  \__, |\__, |
2026-03-11 05:00:29 INFO                                        |___/ |___/ 
2026-03-11 05:00:29 INFO        generating outputs according to the following specified output flags... 
2026-03-11 05:00:29 INFO         Please use the -f flag to update the preference (default to all output files)
2026-03-11 05:00:29 INFO        {'ERT': 1, 'ERT_summary': 1, 'ART': 1, 'ART_summary': 1, 'energy_estimation': 1, 'flattened_arch': 1}
2026-03-11 05:00:29 INFO        Located config file at /root/.config/accelergy/accelergy_config.yaml.
2026-03-11 05:00:29 INFO        config file located:
2026-03-11 05:00:29 INFO        /root/.config/accelergy/accelergy_config.yaml
2026-03-11 05:00:29 INFO        Parsing file /home/repo/compare/timeloop/out_ws/parsed-processed-input.yaml for architecture info
2026-03-11 05:00:29 INFO        Parsing file /home/repo/compare/timeloop/out_ws/parsed-processed-input.yaml for compound_components info
2026-03-11 05:00:29 WARNING     No compound component classes specified, architecture can only contain primitive components
2026-03-11 05:00:29 INFO        Adding required action "leak" to class SRAM
2026-03-11 05:00:29 INFO        Adding required action "write" to class SRAM
2026-03-11 05:00:29 INFO        Adding required action "read" to class SRAM
2026-03-11 05:00:29 INFO        Adding required action "update" to class SRAM
2026-03-11 05:00:29 INFO        Adding required action "leak" to class regfile
2026-03-11 05:00:29 INFO        Adding required action "write" to class regfile
2026-03-11 05:00:29 INFO        Adding required action "read" to class regfile
2026-03-11 05:00:29 INFO        Adding required action "update" to class regfile
2026-03-11 05:00:29 INFO        Adding required action "compute" to class intmac
2026-03-11 05:00:29 INFO        Estimator plug-in identified by: /usr/local/share/accelergy/estimation_plug_ins/accelergy-cacti-plug-in/cacti.estimator.yaml
2026-03-11 05:00:29 INFO        Estimator plug-in identified by: /usr/local/share/accelergy/estimation_plug_ins/accelergy-aladdin-plug-in/aladdin.estimator.yaml
2026-03-11 05:00:29 INFO        Estimator plug-in identified by: /usr/local/share/accelergy/estimation_plug_ins/accelergy-table-based-plug-ins/table.estimator.yaml
2026-03-11 05:00:29 INFO        Estimator plug-in identified by: /usr/local/share/accelergy/estimation_plug_ins/dummy_tables/dummy.estimator.yaml
2026-03-11 05:00:29 INFO        Estimator plug-in identified by: /usr/local/share/accelergy/estimation_plug_ins/accelergy-library-plugin/library.estimator.yaml
2026-03-11 05:00:29 INFO        Estimator plug-in identified by: /usr/local/share/accelergy/estimation_plug_ins/accelergy-adc-plug-in/adc.estimator.yaml
2026-03-11 05:00:29 INFO        Estimator plug-in identified by: /usr/local/share/accelergy/estimation_plug_ins/accelergy-neurosim-plugin/neurosim.estimator.yaml
2026-03-11 05:00:29 INFO        Loading Python plug-in: /usr/local/share/accelergy/estimation_plug_ins/accelergy-cacti-plug-in/cacti_wrapper.py. Errors below are likely due to plug-in, not Accelergy.
2026-03-11 05:00:29 INFO        Getting all estimators in module <module 'python_plug_in0' from '/usr/local/share/accelergy/estimation_plug_ins/accelergy-cacti-plug-in/cacti_wrapper.py'>
2026-03-11 05:00:29 INFO        Added estimator CactiCache that estimates cache with actions idle, read, read_access, update, update_access, write, write_access, leak
2026-03-11 05:00:29 INFO        Added estimator CactiDRAM that estimates ['DRAM', 'dram'] with actions idle, read, update, write, leak
2026-03-11 05:00:29 INFO        Added estimator CactiSRAM that estimates ['SRAM', 'sram'] with actions idle, read, update, write, leak
2026-03-11 05:00:29 INFO        Done loading Python plug-ins.
2026-03-11 05:00:29 INFO        Found estimator plug-in: Aladdin_table (<AladdinTable.AladdinTable object at 0x7fd46692b910>)
2026-03-11 05:00:29 INFO        Found estimator plug-in: DEPRECATED table-based-plug-ins. Use the Library plug-in instead. (<SetsOfTables.SetsOfTables object at 0x7fd46692b520>)
2026-03-11 05:00:29 INFO        Found estimator plug-in: dummy (<DummyTable.DummyTable object at 0x7fd466929690>)
2026-03-11 05:00:29 INFO        Found estimator plug-in: Library (<LibraryEstimator.LibraryEstimator object at 0x7fd4669d8d60>)
2026-03-11 05:00:29 INFO        Found estimator plug-in: ADC Plug-In (<ADCEstimator.ADCEstimator object at 0x7fd466929d50>)
2026-03-11 05:00:29 INFO        Found estimator plug-in: Neurosim Plug-In (<NeuroWrapper.NeuroWrapper object at 0x7fd4669d8370>)
2026-03-11 05:00:29 INFO        Found estimator plug-in: CactiCache (<accelergy.plug_in_interface.estimator_wrapper.EstimatorWrapper object at 0x7fd46685b250>)
2026-03-11 05:00:29 INFO        Found estimator plug-in: CactiDRAM (<accelergy.plug_in_interface.estimator_wrapper.EstimatorWrapper object at 0x7fd46685b2b0>)
2026-03-11 05:00:29 INFO        Found estimator plug-in: CactiSRAM (<accelergy.plug_in_interface.estimator_wrapper.EstimatorWrapper object at 0x7fd46685b6a0>)
2026-03-11 05:00:29 INFO        
2026-03-11 05:00:29 INFO        ENERGY ESTIMATION for SRAM(depth=65536, width=64, datawidth=8, has_power_gating=False, n_banks=2, cluster_size=1, reduction_supported=True, multiple_buffering=1, min_utilization=0, allow_overbooking=False, meshX=1, meshY=1, technology=40nm, global_cycle_seconds=1e-09, version=0.4, action_latency_cycles=1, cycle_seconds=1e-09, n_instances=1).leak(global_cycle_seconds=1e-09, action_latency_cycles=1)
2026-03-11 05:00:33 INFO        CactiSRAM estimated 1.5788692307692306e-14 with accuracy 80%. Messages:
2026-03-11 05:00:33 INFO        | Unused arguments (datawidth, has_power_gating, cluster_size, reduction_supported, multiple_buffering, min_utilization, allow_overbooking, meshX, meshY, global_cycle_seconds, version, action_latency_cycles, cycle_seconds, n_instances) provided for ['SRAM', 'sram'].__init__. Arguments used: (depth, width, n_banks, technology)
2026-03-11 05:00:33 INFO        | Unused arguments (action_latency_cycles) provided for ['SRAM', 'sram'].leak. Arguments used: (global_cycle_seconds)
2026-03-11 05:00:33 INFO        | Interpolating technology between 32 and 45.
2026-03-11 05:00:33 INFO        | Calling CACTI with cache_size=524288 n_rw_ports=1 block_size=8 tech_node_um=0.032 n_banks=2 tag_size=0 associativity=1
2026-03-11 05:00:33 INFO        | Calling CACTI with input path /usr/local/share/accelergy/estimation_plug_ins/accelergy-cacti-plug-in/cacti_inputs_outputs/tmpac7fvmfy
2026-03-11 05:00:33 INFO        | CACTI output will be written to /usr/local/share/accelergy/estimation_plug_ins/accelergy-cacti-plug-in/cacti_inputs_outputs/tmp1rjum7sa
2026-03-11 05:00:33 INFO        | CACTI executable not found at /usr/local/share/accelergy/estimation_plug_ins/accelergy-cacti-plug-in/cacti/cacti
2026-03-11 05:00:33 INFO        | Calling: cd /usr/local/share/accelergy/estimation_plug_ins/accelergy-cacti-plug-in ; ./cacti -infile /usr/local/share/accelergy/estimation_plug_ins/accelergy-cacti-plug-in/cacti_inputs_outputs/tmpac7fvmfy >> /usr/local/share/accelergy/estimation_plug_ins/accelergy-cacti-plug-in/cacti_inputs_outputs/tmp1rjum7sa 2>&1
2026-03-11 05:00:33 INFO        | Calling CACTI with cache_size=524288 n_rw_ports=1 block_size=8 tech_node_um=0.045 n_banks=2 tag_size=0 associativity=1
2026-03-11 05:00:33 INFO        | Calling CACTI with input path /usr/local/share/accelergy/estimation_plug_ins/accelergy-cacti-plug-in/cacti_inputs_outputs/tmpgxzxeo42
2026-03-11 05:00:33 INFO        | CACTI output will be written to /usr/local/share/accelergy/estimation_plug_ins/accelergy-cacti-plug-in/cacti_inputs_outputs/tmpqga5sul5
2026-03-11 05:00:33 INFO        | CACTI executable not found at /usr/local/share/accelergy/estimation_plug_ins/accelergy-cacti-plug-in/cacti/cacti
2026-03-11 05:00:33 INFO        | Calling: cd /usr/local/share/accelergy/estimation_plug_ins/accelergy-cacti-plug-in ; ./cacti -infile /usr/local/share/accelergy/estimation_plug_ins/accelergy-cacti-plug-in/cacti_inputs_outputs/tmpgxzxeo42 >> /usr/local/share/accelergy/estimation_plug_ins/accelergy-cacti-plug-in/cacti_inputs_outputs/tmpqga5sul5 2>&1
2026-03-11 05:00:33 INFO        | Cache bandwidth: 16.0 bytes/cycle
2026-03-11 05:00:33 INFO        | Cache bandwidth: 43286518512.660645 bits/second
2026-03-11 05:00:33 INFO        | Global cycle time 1e-09 is less than the cache's random cycle time 2.95704076923077e-09
2026-03-11 05:00:33 INFO        | Multiplying by n_instances 1
2026-03-11 05:00:33 INFO        
2026-03-11 05:00:33 INFO        ENERGY ESTIMATION for SRAM(depth=65536, width=64, datawidth=8, has_power_gating=False, n_banks=2, cluster_size=1, reduction_supported=True, multiple_buffering=1, min_utilization=0, allow_overbooking=False, meshX=1, meshY=1, technology=40nm, global_cycle_seconds=1e-09, version=0.4, action_latency_cycles=1, cycle_seconds=1e-09, n_instances=1).write(global_cycle_seconds=1e-09, action_latency_cycles=1)
2026-03-11 05:00:37 INFO        CactiSRAM estimated 4.127481538461539e-11 with accuracy 80%. Messages:
2026-03-11 05:00:37 INFO        | Unused arguments (datawidth, has_power_gating, cluster_size, reduction_supported, multiple_buffering, min_utilization, allow_overbooking, meshX, meshY, global_cycle_seconds, version, action_latency_cycles, cycle_seconds, n_instances) provided for ['SRAM', 'sram'].__init__. Arguments used: (depth, width, n_banks, technology)
2026-03-11 05:00:37 INFO        | Unused arguments (global_cycle_seconds, action_latency_cycles) provided for ['SRAM', 'sram'].write. Arguments used: ()
2026-03-11 05:00:37 INFO        | Interpolating technology between 32 and 45.
2026-03-11 05:00:37 INFO        | Calling CACTI with cache_size=524288 n_rw_ports=1 block_size=8 tech_node_um=0.032 n_banks=2 tag_size=0 associativity=1
2026-03-11 05:00:37 INFO        | Calling CACTI with input path /usr/local/share/accelergy/estimation_plug_ins/accelergy-cacti-plug-in/cacti_inputs_outputs/tmpl918yepi
2026-03-11 05:00:37 INFO        | CACTI output will be written to /usr/local/share/accelergy/estimation_plug_ins/accelergy-cacti-plug-in/cacti_inputs_outputs/tmpbcjxjt40
2026-03-11 05:00:37 INFO        | CACTI executable not found at /usr/local/share/accelergy/estimation_plug_ins/accelergy-cacti-plug-in/cacti/cacti
2026-03-11 05:00:37 INFO        | Calling: cd /usr/local/share/accelergy/estimation_plug_ins/accelergy-cacti-plug-in ; ./cacti -infile /usr/local/share/accelergy/estimation_plug_ins/accelergy-cacti-plug-in/cacti_inputs_outputs/tmpl918yepi >> /usr/local/share/accelergy/estimation_plug_ins/accelergy-cacti-plug-in/cacti_inputs_outputs/tmpbcjxjt40 2>&1
2026-03-11 05:00:37 INFO        | Calling CACTI with cache_size=524288 n_rw_ports=1 block_size=8 tech_node_um=0.045 n_banks=2 tag_size=0 associativity=1
2026-03-11 05:00:37 INFO        | Calling CACTI with input path /usr/local/share/accelergy/estimation_plug_ins/accelergy-cacti-plug-in/cacti_inputs_outputs/tmpif02pyxj
2026-03-11 05:00:37 INFO        | CACTI output will be written to /usr/local/share/accelergy/estimation_plug_ins/accelergy-cacti-plug-in/cacti_inputs_outputs/tmp3kwmxze7
2026-03-11 05:00:37 INFO        | CACTI executable not found at /usr/local/share/accelergy/estimation_plug_ins/accelergy-cacti-plug-in/cacti/cacti
2026-03-11 05:00:37 INFO        | Calling: cd /usr/local/share/accelergy/estimation_plug_ins/accelergy-cacti-plug-in ; ./cacti -infile /usr/local/share/accelergy/estimation_plug_ins/accelergy-cacti-plug-in/cacti_inputs_outputs/tmpif02pyxj >> /usr/local/share/accelergy/estimation_plug_ins/accelergy-cacti-plug-in/cacti_inputs_outputs/tmp3kwmxze7 2>&1
2026-03-11 05:00:37 INFO        | Cache bandwidth: 16.0 bytes/cycle
2026-03-11 05:00:37 INFO        | Cache bandwidth: 43286518512.660645 bits/second
2026-03-11 05:00:37 INFO        
2026-03-11 05:00:37 INFO        ENERGY ESTIMATION for SRAM(depth=65536, width=64, datawidth=8, has_power_gating=False, n_banks=2, cluster_size=1, reduction_supported=True, multiple_buffering=1, min_utilization=0, allow_overbooking=False, meshX=1, meshY=1, technology=40nm, global_cycle_seconds=1e-09, version=0.4, action_latency_cycles=1, cycle_seconds=1e-09, n_instances=1).read(global_cycle_seconds=1e-09, action_latency_cycles=1)
2026-03-11 05:00:41 INFO        CactiSRAM estimated 5.582696153846154e-11 with accuracy 80%. Messages:
2026-03-11 05:00:41 INFO        | Unused arguments (datawidth, has_power_gating, cluster_size, reduction_supported, multiple_buffering, min_utilization, allow_overbooking, meshX, meshY, global_cycle_seconds, version, action_latency_cycles, cycle_seconds, n_instances) provided for ['SRAM', 'sram'].__init__. Arguments used: (depth, width, n_banks, technology)
2026-03-11 05:00:41 INFO        | Unused arguments (global_cycle_seconds, action_latency_cycles) provided for ['SRAM', 'sram'].read. Arguments used: ()
2026-03-11 05:00:41 INFO        | Interpolating technology between 32 and 45.
2026-03-11 05:00:41 INFO        | Calling CACTI with cache_size=524288 n_rw_ports=1 block_size=8 tech_node_um=0.032 n_banks=2 tag_size=0 associativity=1
2026-03-11 05:00:41 INFO        | Calling CACTI with input path /usr/local/share/accelergy/estimation_plug_ins/accelergy-cacti-plug-in/cacti_inputs_outputs/tmpchxtkjbi
2026-03-11 05:00:41 INFO        | CACTI output will be written to /usr/local/share/accelergy/estimation_plug_ins/accelergy-cacti-plug-in/cacti_inputs_outputs/tmp64zmc73p
2026-03-11 05:00:41 INFO        | CACTI executable not found at /usr/local/share/accelergy/estimation_plug_ins/accelergy-cacti-plug-in/cacti/cacti
2026-03-11 05:00:41 INFO        | Calling: cd /usr/local/share/accelergy/estimation_plug_ins/accelergy-cacti-plug-in ; ./cacti -infile /usr/local/share/accelergy/estimation_plug_ins/accelergy-cacti-plug-in/cacti_inputs_outputs/tmpchxtkjbi >> /usr/local/share/accelergy/estimation_plug_ins/accelergy-cacti-plug-in/cacti_inputs_outputs/tmp64zmc73p 2>&1
2026-03-11 05:00:41 INFO        | Calling CACTI with cache_size=524288 n_rw_ports=1 block_size=8 tech_node_um=0.045 n_banks=2 tag_size=0 associativity=1
2026-03-11 05:00:41 INFO        | Calling CACTI with input path /usr/local/share/accelergy/estimation_plug_ins/accelergy-cacti-plug-in/cacti_inputs_outputs/tmp659oi3ro
2026-03-11 05:00:41 INFO        | CACTI output will be written to /usr/local/share/accelergy/estimation_plug_ins/accelergy-cacti-plug-in/cacti_inputs_outputs/tmpnzvhub6e
2026-03-11 05:00:41 INFO        | CACTI executable not found at /usr/local/share/accelergy/estimation_plug_ins/accelergy-cacti-plug-in/cacti/cacti
2026-03-11 05:00:41 INFO        | Calling: cd /usr/local/share/accelergy/estimation_plug_ins/accelergy-cacti-plug-in ; ./cacti -infile /usr/local/share/accelergy/estimation_plug_ins/accelergy-cacti-plug-in/cacti_inputs_outputs/tmp659oi3ro >> /usr/local/share/accelergy/estimation_plug_ins/accelergy-cacti-plug-in/cacti_inputs_outputs/tmpnzvhub6e 2>&1
2026-03-11 05:00:41 INFO        | Cache bandwidth: 16.0 bytes/cycle
2026-03-11 05:00:41 INFO        | Cache bandwidth: 43286518512.660645 bits/second
2026-03-11 05:00:41 INFO        
2026-03-11 05:00:41 INFO        ENERGY ESTIMATION for SRAM(depth=65536, width=64, datawidth=8, has_power_gating=False, n_banks=2, cluster_size=1, reduction_supported=True, multiple_buffering=1, min_utilization=0, allow_overbooking=False, meshX=1, meshY=1, technology=40nm, global_cycle_seconds=1e-09, version=0.4, action_latency_cycles=1, cycle_seconds=1e-09, n_instances=1).update(global_cycle_seconds=1e-09, action_latency_cycles=1)
2026-03-11 05:00:44 INFO        CactiSRAM estimated 4.127481538461539e-11 with accuracy 80%. Messages:
2026-03-11 05:00:44 INFO        | Unused arguments (datawidth, has_power_gating, cluster_size, reduction_supported, multiple_buffering, min_utilization, allow_overbooking, meshX, meshY, global_cycle_seconds, version, action_latency_cycles, cycle_seconds, n_instances) provided for ['SRAM', 'sram'].__init__. Arguments used: (depth, width, n_banks, technology)
2026-03-11 05:00:44 INFO        | Unused arguments (global_cycle_seconds, action_latency_cycles) provided for ['SRAM', 'sram'].update. Arguments used: ()
2026-03-11 05:00:44 INFO        | Interpolating technology between 32 and 45.
2026-03-11 05:00:44 INFO        | Calling CACTI with cache_size=524288 n_rw_ports=1 block_size=8 tech_node_um=0.032 n_banks=2 tag_size=0 associativity=1
2026-03-11 05:00:44 INFO        | Calling CACTI with input path /usr/local/share/accelergy/estimation_plug_ins/accelergy-cacti-plug-in/cacti_inputs_outputs/tmpq0ushhrb
2026-03-11 05:00:44 INFO        | CACTI output will be written to /usr/local/share/accelergy/estimation_plug_ins/accelergy-cacti-plug-in/cacti_inputs_outputs/tmprfykpk9g
2026-03-11 05:00:44 INFO        | CACTI executable not found at /usr/local/share/accelergy/estimation_plug_ins/accelergy-cacti-plug-in/cacti/cacti
2026-03-11 05:00:44 INFO        | Calling: cd /usr/local/share/accelergy/estimation_plug_ins/accelergy-cacti-plug-in ; ./cacti -infile /usr/local/share/accelergy/estimation_plug_ins/accelergy-cacti-plug-in/cacti_inputs_outputs/tmpq0ushhrb >> /usr/local/share/accelergy/estimation_plug_ins/accelergy-cacti-plug-in/cacti_inputs_outputs/tmprfykpk9g 2>&1
2026-03-11 05:00:44 INFO        | Calling CACTI with cache_size=524288 n_rw_ports=1 block_size=8 tech_node_um=0.045 n_banks=2 tag_size=0 associativity=1
2026-03-11 05:00:44 INFO        | Calling CACTI with input path /usr/local/share/accelergy/estimation_plug_ins/accelergy-cacti-plug-in/cacti_inputs_outputs/tmp9bitonvc
2026-03-11 05:00:44 INFO        | CACTI output will be written to /usr/local/share/accelergy/estimation_plug_ins/accelergy-cacti-plug-in/cacti_inputs_outputs/tmpiyttvkwd
2026-03-11 05:00:44 INFO        | CACTI executable not found at /usr/local/share/accelergy/estimation_plug_ins/accelergy-cacti-plug-in/cacti/cacti
2026-03-11 05:00:44 INFO        | Calling: cd /usr/local/share/accelergy/estimation_plug_ins/accelergy-cacti-plug-in ; ./cacti -infile /usr/local/share/accelergy/estimation_plug_ins/accelergy-cacti-plug-in/cacti_inputs_outputs/tmp9bitonvc >> /usr/local/share/accelergy/estimation_plug_ins/accelergy-cacti-plug-in/cacti_inputs_outputs/tmpiyttvkwd 2>&1
2026-03-11 05:00:44 INFO        | Cache bandwidth: 16.0 bytes/cycle
2026-03-11 05:00:44 INFO        | Cache bandwidth: 43286518512.660645 bits/second
2026-03-11 05:00:44 INFO        
2026-03-11 05:00:44 INFO        ENERGY ESTIMATION for regfile(depth=64, width=8, datawidth=8, has_power_gating=False, n_banks=2, cluster_size=1, reduction_supported=True, multiple_buffering=1, min_utilization=0, allow_overbooking=False, meshX=1, meshY=1, technology=40nm, global_cycle_seconds=1e-09, version=0.4, action_latency_cycles=1, cycle_seconds=1e-09, n_instances=1).leak(global_cycle_seconds=1e-09, action_latency_cycles=1)
2026-03-11 05:00:44 INFO        Aladdin_table estimated 0.0003712p with accuracy 70%. Messages:
2026-03-11 05:00:44 INFO        | Multiplying by n_instances 1
2026-03-11 05:00:44 INFO        
2026-03-11 05:00:44 INFO        ENERGY ESTIMATION for regfile(depth=64, width=8, datawidth=8, has_power_gating=False, n_banks=2, cluster_size=1, reduction_supported=True, multiple_buffering=1, min_utilization=0, allow_overbooking=False, meshX=1, meshY=1, technology=40nm, global_cycle_seconds=1e-09, version=0.4, action_latency_cycles=1, cycle_seconds=1e-09, n_instances=1).write(global_cycle_seconds=1e-09, action_latency_cycles=1)
2026-03-11 05:00:44 INFO        Aladdin_table estimated 0.36264p with accuracy 70%. 
2026-03-11 05:00:44 INFO        
2026-03-11 05:00:44 INFO        ENERGY ESTIMATION for regfile(depth=64, width=8, datawidth=8, has_power_gating=False, n_banks=2, cluster_size=1, reduction_supported=True, multiple_buffering=1, min_utilization=0, allow_overbooking=False, meshX=1, meshY=1, technology=40nm, global_cycle_seconds=1e-09, version=0.4, action_latency_cycles=1, cycle_seconds=1e-09, n_instances=1).read(global_cycle_seconds=1e-09, action_latency_cycles=1)
2026-03-11 05:00:44 INFO        Aladdin_table estimated 0.36264p with accuracy 70%. 
2026-03-11 05:00:44 INFO        
2026-03-11 05:00:44 INFO        ENERGY ESTIMATION for regfile(depth=64, width=8, datawidth=8, has_power_gating=False, n_banks=2, cluster_size=1, reduction_supported=True, multiple_buffering=1, min_utilization=0, allow_overbooking=False, meshX=1, meshY=1, technology=40nm, global_cycle_seconds=1e-09, version=0.4, action_latency_cycles=1, cycle_seconds=1e-09, n_instances=1).update(global_cycle_seconds=1e-09, action_latency_cycles=1)
2026-03-11 05:00:44 INFO        Aladdin_table estimated 0.36264p with accuracy 70%. 
2026-03-11 05:00:44 INFO        
2026-03-11 05:00:44 INFO        ENERGY ESTIMATION for intmac(width=8, has_power_gating=False, meshX=1, meshY=1, technology=40nm, global_cycle_seconds=1e-09, version=0.4, action_latency_cycles=1, cycle_seconds=1e-09, n_instances=1).compute(global_cycle_seconds=1e-09, action_latency_cycles=1)
2026-03-11 05:00:44 INFO        Aladdin_table estimated 0.845p with accuracy 70%. 
2026-03-11 05:00:44 WARNING     No action counts are specified as yaml input
2026-03-11 05:00:44 INFO        
2026-03-11 05:00:44 INFO        AREA ESTIMATION for SRAM(depth=65536, width=64, datawidth=8, has_power_gating=False, n_banks=2, cluster_size=1, reduction_supported=True, multiple_buffering=1, min_utilization=0, allow_overbooking=False, meshX=1, meshY=1, technology=40nm, global_cycle_seconds=1e-09, version=0.4, action_latency_cycles=1, cycle_seconds=1e-09, n_instances=1)
2026-03-11 05:00:48 INFO        CactiSRAM estimated 1.3555676923076922e-06 with accuracy 80%. Messages:
2026-03-11 05:00:48 INFO        | Unused arguments (datawidth, has_power_gating, cluster_size, reduction_supported, multiple_buffering, min_utilization, allow_overbooking, meshX, meshY, global_cycle_seconds, version, action_latency_cycles, cycle_seconds, n_instances) provided for ['SRAM', 'sram'].__init__. Arguments used: (depth, width, n_banks, technology)
2026-03-11 05:00:48 INFO        | Interpolating technology between 32 and 45.
2026-03-11 05:00:48 INFO        | Calling CACTI with cache_size=524288 n_rw_ports=1 block_size=8 tech_node_um=0.032 n_banks=2 tag_size=0 associativity=1
2026-03-11 05:00:48 INFO        | Calling CACTI with input path /usr/local/share/accelergy/estimation_plug_ins/accelergy-cacti-plug-in/cacti_inputs_outputs/tmp553zhqbu
2026-03-11 05:00:48 INFO        | CACTI output will be written to /usr/local/share/accelergy/estimation_plug_ins/accelergy-cacti-plug-in/cacti_inputs_outputs/tmpg00noujs
2026-03-11 05:00:48 INFO        | CACTI executable not found at /usr/local/share/accelergy/estimation_plug_ins/accelergy-cacti-plug-in/cacti/cacti
2026-03-11 05:00:48 INFO        | Calling: cd /usr/local/share/accelergy/estimation_plug_ins/accelergy-cacti-plug-in ; ./cacti -infile /usr/local/share/accelergy/estimation_plug_ins/accelergy-cacti-plug-in/cacti_inputs_outputs/tmp553zhqbu >> /usr/local/share/accelergy/estimation_plug_ins/accelergy-cacti-plug-in/cacti_inputs_outputs/tmpg00noujs 2>&1
2026-03-11 05:00:48 INFO        | Calling CACTI with cache_size=524288 n_rw_ports=1 block_size=8 tech_node_um=0.045 n_banks=2 tag_size=0 associativity=1
2026-03-11 05:00:48 INFO        | Calling CACTI with input path /usr/local/share/accelergy/estimation_plug_ins/accelergy-cacti-plug-in/cacti_inputs_outputs/tmp5ypcevj9
2026-03-11 05:00:48 INFO        | CACTI output will be written to /usr/local/share/accelergy/estimation_plug_ins/accelergy-cacti-plug-in/cacti_inputs_outputs/tmpvvqbjgac
2026-03-11 05:00:48 INFO        | CACTI executable not found at /usr/local/share/accelergy/estimation_plug_ins/accelergy-cacti-plug-in/cacti/cacti
2026-03-11 05:00:48 INFO        | Calling: cd /usr/local/share/accelergy/estimation_plug_ins/accelergy-cacti-plug-in ; ./cacti -infile /usr/local/share/accelergy/estimation_plug_ins/accelergy-cacti-plug-in/cacti_inputs_outputs/tmp5ypcevj9 >> /usr/local/share/accelergy/estimation_plug_ins/accelergy-cacti-plug-in/cacti_inputs_outputs/tmpvvqbjgac 2>&1
2026-03-11 05:00:48 INFO        | Cache bandwidth: 16.0 bytes/cycle
2026-03-11 05:00:48 INFO        | Cache bandwidth: 43286518512.660645 bits/second
2026-03-11 05:00:48 INFO        | Multiplying by n_instances 1
2026-03-11 05:00:48 INFO        
2026-03-11 05:00:48 INFO        AREA ESTIMATION for regfile(depth=64, width=8, datawidth=8, has_power_gating=False, n_banks=2, cluster_size=1, reduction_supported=True, multiple_buffering=1, min_utilization=0, allow_overbooking=False, meshX=1, meshY=1, technology=40nm, global_cycle_seconds=1e-09, version=0.4, action_latency_cycles=1, cycle_seconds=1e-09, n_instances=1)
2026-03-11 05:00:48 INFO        Aladdin_table estimated 845.98u^2 with accuracy 70%. Messages:
2026-03-11 05:00:48 INFO        | Multiplying by n_instances 1
2026-03-11 05:00:48 INFO        
2026-03-11 05:00:48 INFO        AREA ESTIMATION for intmac(width=8, has_power_gating=False, meshX=1, meshY=1, technology=40nm, global_cycle_seconds=1e-09, version=0.4, action_latency_cycles=1, cycle_seconds=1e-09, n_instances=1)
2026-03-11 05:00:48 INFO        Aladdin_table estimated 466.375u^2 with accuracy 70%. Messages:
2026-03-11 05:00:48 INFO        | Multiplying by n_instances 1
2026-03-11 05:00:48 INFO        flattened architecture is saved to:
2026-03-11 05:00:48 INFO        ./timeloop-model.flattened_architecture.yaml
2026-03-11 05:00:48 INFO        energy reference table is saved to:
2026-03-11 05:00:48 INFO        ./timeloop-model.ERT.yaml
2026-03-11 05:00:48 INFO        energy reference table summary is saved to:
2026-03-11 05:00:48 INFO        ./timeloop-model.ERT_summary.yaml
2026-03-11 05:00:48 WARNING     no runtime energy estimations are generated... not generating energy_estimation.yaml
2026-03-11 05:00:48 INFO        area reference table is saved to:
2026-03-11 05:00:48 INFO        ./timeloop-model.ART.yaml
2026-03-11 05:00:48 INFO        area reference table summary is saved to:
2026-03-11 05:00:48 INFO        ./timeloop-model.ART_summary.yaml
